
> out@0.1.0 build
> next build --turbopack

   ▲ Next.js 15.5.3 (Turbopack)
   - Environments: .env

   Creating an optimized production build ...
 ✓ Finished writing to disk in 165ms
 ✓ Compiled successfully in 55s
   Skipping validation of types
   Skipping linting
   Collecting page data ...
   Generating static pages (0/20) ...
   Generating static pages (5/20) 
   Generating static pages (10/20) 
   Generating static pages (15/20) 
 ✓ Generating static pages (20/20)
   Finalizing page optimization ...
   Collecting build traces ...

Route (app)                            Size  First Load JS
┌ ○ /                               36.9 kB         193 kB
├ ○ /_not-found                         0 B         147 kB
├ ƒ /api/connect/passkey/options        0 B            0 B
├ ƒ /api/connect/passkey/verify         0 B            0 B
├ ƒ /api/passkey/auth                   0 B            0 B
├ ƒ /api/passkey/register               0 B            0 B
├ ƒ /api/webauthn/auth/options          0 B            0 B
├ ƒ /api/webauthn/auth/verify           0 B            0 B
├ ƒ /api/webauthn/passkeys/delete       0 B            0 B
├ ƒ /api/webauthn/passkeys/disable      0 B            0 B
├ ƒ /api/webauthn/passkeys/enable       0 B            0 B
├ ƒ /api/webauthn/passkeys/list         0 B            0 B
├ ƒ /api/webauthn/passkeys/rename       0 B            0 B
├ ƒ /api/webauthn/register/options      0 B            0 B
├ ƒ /api/webauthn/register/verify       0 B            0 B
├ ○ /login                          38.9 kB         207 kB
└ ○ /settings                       46.2 kB         215 kB
+ First Load JS shared by all        147 kB
  ├ chunks/1f7de9768cb2b363.js      28.5 kB
  ├ chunks/2008ffcf9e5b170c.js        13 kB
  ├ chunks/db8f8797ab57ee2a.js      75.4 kB
  └ other shared chunks (total)     30.6 kB


○  (Static)   prerendered as static content
ƒ  (Dynamic)  server-rendered on demand

